How can I help you? Hey, ask me something that's not impossible to do!
