How can I help you? Sure! It is 1789 using MDCLX_I
