How can I help you? Sure! It is 1719 using ABC_D_E
