How can I help you? Sure! It is 1787 using MDCLXVI
