How can I help you? Sure! It is 11111111111111111111
