Enter two integers, the second one being strictly positive: Here is the grid that has been generated:
    0 0 0 1 0 1 1 0 0 0
    1 1 1 1 1 0 0 1 1 1
    1 1 0 0 0 0 0 0 1 0
    0 1 0 1 1 1 1 1 1 0
    1 1 0 1 1 1 1 1 1 1
    1 1 0 1 0 1 1 1 1 1
    1 0 1 1 0 1 0 0 0 0
    0 1 0 0 0 1 0 0 0 1
    0 0 1 1 0 0 0 0 0 0
    0 0 0 1 1 0 0 0 0 1
The maximum number of spikes of some shape is: 4
