How can I help you? Sure! It is Aaaabacbdcedfegfhgihjikjlk
