How can I help you? Sure! It is 49269 using BA_C_DEF_G
