How can I help you? I don't get what you want, sorry mate!
